d:\myindustry\dr kaluri research house\newbook\book on df\chapone\mybook\book\chap4\figures\musicandgmu\musicandgmu\x64\debug\vc143.pdb
d:\myindustry\dr kaluri research house\newbook\book on df\chapone\mybook\book\chap4\figures\musicandgmu\musicandgmu\x64\debug\vc143.idb
d:\myindustry\dr kaluri research house\newbook\book on df\chapone\mybook\book\chap4\figures\musicandgmu\musicandgmu\x64\debug\ulaiq.obj
d:\myindustry\dr kaluri research house\newbook\book on df\chapone\mybook\book\chap4\figures\musicandgmu\musicandgmu\x64\debug\music.obj
d:\myindustry\dr kaluri research house\newbook\book on df\chapone\mybook\book\chap4\figures\musicandgmu\musicandgmu\x64\debug\musicandgmu.obj
d:\myindustry\dr kaluri research house\newbook\book on df\chapone\mybook\book\chap4\figures\musicandgmu\musicandgmu\x64\debug\memalocfree.obj
d:\myindustry\dr kaluri research house\newbook\book on df\chapone\mybook\book\chap4\figures\musicandgmu\musicandgmu\x64\debug\kmusic.obj
d:\myindustry\dr kaluri research house\newbook\book on df\chapone\mybook\book\chap4\figures\musicandgmu\musicandgmu\x64\debug\eigr.obj
d:\myindustry\dr kaluri research house\newbook\book on df\chapone\mybook\book\chap4\figures\musicandgmu\musicandgmu\x64\debug\detect.obj
d:\myindustry\dr kaluri research house\newbook\book on df\chapone\mybook\book\chap4\figures\musicandgmu\musicandgmu\x64\debug\cmath.obj
d:\myindustry\dr kaluri research house\newbook\book on df\chapone\mybook\book\chap4\figures\musicandgmu\x64\debug\musicandgmu.exe
d:\myindustry\dr kaluri research house\newbook\book on df\chapone\mybook\book\chap4\figures\musicandgmu\x64\debug\musicandgmu.pdb
d:\myindustry\dr kaluri research house\newbook\book on df\chapone\mybook\book\chap4\figures\musicandgmu\musicandgmu\x64\debug\musicandgmu.ilk
d:\myindustry\dr kaluri research house\newbook\book on df\chapone\mybook\book\chap4\figures\musicandgmu\musicandgmu\x64\debug\musicandgmu.tlog\cl.command.1.tlog
d:\myindustry\dr kaluri research house\newbook\book on df\chapone\mybook\book\chap4\figures\musicandgmu\musicandgmu\x64\debug\musicandgmu.tlog\cl.items.tlog
d:\myindustry\dr kaluri research house\newbook\book on df\chapone\mybook\book\chap4\figures\musicandgmu\musicandgmu\x64\debug\musicandgmu.tlog\cl.read.1.tlog
d:\myindustry\dr kaluri research house\newbook\book on df\chapone\mybook\book\chap4\figures\musicandgmu\musicandgmu\x64\debug\musicandgmu.tlog\cl.write.1.tlog
d:\myindustry\dr kaluri research house\newbook\book on df\chapone\mybook\book\chap4\figures\musicandgmu\musicandgmu\x64\debug\musicandgmu.tlog\link.command.1.tlog
d:\myindustry\dr kaluri research house\newbook\book on df\chapone\mybook\book\chap4\figures\musicandgmu\musicandgmu\x64\debug\musicandgmu.tlog\link.read.1.tlog
d:\myindustry\dr kaluri research house\newbook\book on df\chapone\mybook\book\chap4\figures\musicandgmu\musicandgmu\x64\debug\musicandgmu.tlog\link.secondary.1.tlog
d:\myindustry\dr kaluri research house\newbook\book on df\chapone\mybook\book\chap4\figures\musicandgmu\musicandgmu\x64\debug\musicandgmu.tlog\link.write.1.tlog
