d:\myindustry\dr kaluri research house\newbook\book on df\chapone\mybook\book\chap6\figures\dofvoice\dofvoice\x64\debug\vc143.pdb
d:\myindustry\dr kaluri research house\newbook\book on df\chapone\mybook\book\chap6\figures\dofvoice\dofvoice\x64\debug\vc143.idb
d:\myindustry\dr kaluri research house\newbook\book on df\chapone\mybook\book\chap6\figures\dofvoice\dofvoice\x64\debug\wavblocks.obj
d:\myindustry\dr kaluri research house\newbook\book on df\chapone\mybook\book\chap6\figures\dofvoice\dofvoice\x64\debug\ula.obj
d:\myindustry\dr kaluri research house\newbook\book on df\chapone\mybook\book\chap6\figures\dofvoice\dofvoice\x64\debug\slicevoice.obj
d:\myindustry\dr kaluri research house\newbook\book on df\chapone\mybook\book\chap6\figures\dofvoice\dofvoice\x64\debug\rdwav.obj
d:\myindustry\dr kaluri research house\newbook\book on df\chapone\mybook\book\chap6\figures\dofvoice\dofvoice\x64\debug\pitchclouds.obj
d:\myindustry\dr kaluri research house\newbook\book on df\chapone\mybook\book\chap6\figures\dofvoice\dofvoice\x64\debug\phishift.obj
d:\myindustry\dr kaluri research house\newbook\book on df\chapone\mybook\book\chap6\figures\dofvoice\dofvoice\x64\debug\musik.obj
d:\myindustry\dr kaluri research house\newbook\book on df\chapone\mybook\book\chap6\figures\dofvoice\dofvoice\x64\debug\memalocfree.obj
d:\myindustry\dr kaluri research house\newbook\book on df\chapone\mybook\book\chap6\figures\dofvoice\dofvoice\x64\debug\lindataseg.obj
d:\myindustry\dr kaluri research house\newbook\book on df\chapone\mybook\book\chap6\figures\dofvoice\dofvoice\x64\debug\kmusic.obj
d:\myindustry\dr kaluri research house\newbook\book on df\chapone\mybook\book\chap6\figures\dofvoice\dofvoice\x64\debug\eigr.obj
d:\myindustry\dr kaluri research house\newbook\book on df\chapone\mybook\book\chap6\figures\dofvoice\dofvoice\x64\debug\detectvois.obj
d:\myindustry\dr kaluri research house\newbook\book on df\chapone\mybook\book\chap6\figures\dofvoice\dofvoice\x64\debug\detect.obj
d:\myindustry\dr kaluri research house\newbook\book on df\chapone\mybook\book\chap6\figures\dofvoice\dofvoice\x64\debug\cmath.obj
d:\myindustry\dr kaluri research house\newbook\book on df\chapone\mybook\book\chap6\figures\dofvoice\x64\debug\dofvoice.exe
d:\myindustry\dr kaluri research house\newbook\book on df\chapone\mybook\book\chap6\figures\dofvoice\x64\debug\dofvoice.pdb
d:\myindustry\dr kaluri research house\newbook\book on df\chapone\mybook\book\chap6\figures\dofvoice\dofvoice\x64\debug\dofvoice.ilk
d:\edu-institutions\jntu-h\myresearch\ieeetrans\ieee techdefence 2023 rome\paper\tex\mybookcandmcode\chap6\figures\dofvoice\dofvoice\x64\debug\cmath.obj
d:\edu-institutions\jntu-h\myresearch\ieeetrans\ieee techdefence 2023 rome\paper\tex\mybookcandmcode\chap6\figures\dofvoice\dofvoice\x64\debug\detect.obj
d:\edu-institutions\jntu-h\myresearch\ieeetrans\ieee techdefence 2023 rome\paper\tex\mybookcandmcode\chap6\figures\dofvoice\dofvoice\x64\debug\detectvois.obj
d:\edu-institutions\jntu-h\myresearch\ieeetrans\ieee techdefence 2023 rome\paper\tex\mybookcandmcode\chap6\figures\dofvoice\dofvoice\x64\debug\eigr.obj
d:\edu-institutions\jntu-h\myresearch\ieeetrans\ieee techdefence 2023 rome\paper\tex\mybookcandmcode\chap6\figures\dofvoice\dofvoice\x64\debug\kmusic.obj
d:\edu-institutions\jntu-h\myresearch\ieeetrans\ieee techdefence 2023 rome\paper\tex\mybookcandmcode\chap6\figures\dofvoice\dofvoice\x64\debug\lindataseg.obj
d:\edu-institutions\jntu-h\myresearch\ieeetrans\ieee techdefence 2023 rome\paper\tex\mybookcandmcode\chap6\figures\dofvoice\dofvoice\x64\debug\memalocfree.obj
d:\edu-institutions\jntu-h\myresearch\ieeetrans\ieee techdefence 2023 rome\paper\tex\mybookcandmcode\chap6\figures\dofvoice\dofvoice\x64\debug\musik.obj
d:\edu-institutions\jntu-h\myresearch\ieeetrans\ieee techdefence 2023 rome\paper\tex\mybookcandmcode\chap6\figures\dofvoice\dofvoice\x64\debug\phishift.obj
d:\edu-institutions\jntu-h\myresearch\ieeetrans\ieee techdefence 2023 rome\paper\tex\mybookcandmcode\chap6\figures\dofvoice\dofvoice\x64\debug\pitchclouds.obj
d:\edu-institutions\jntu-h\myresearch\ieeetrans\ieee techdefence 2023 rome\paper\tex\mybookcandmcode\chap6\figures\dofvoice\dofvoice\x64\debug\rdwav.obj
d:\edu-institutions\jntu-h\myresearch\ieeetrans\ieee techdefence 2023 rome\paper\tex\mybookcandmcode\chap6\figures\dofvoice\dofvoice\x64\debug\slicevoice.obj
d:\edu-institutions\jntu-h\myresearch\ieeetrans\ieee techdefence 2023 rome\paper\tex\mybookcandmcode\chap6\figures\dofvoice\dofvoice\x64\debug\ula.obj
d:\edu-institutions\jntu-h\myresearch\ieeetrans\ieee techdefence 2023 rome\paper\tex\mybookcandmcode\chap6\figures\dofvoice\dofvoice\x64\debug\wavblocks.obj
d:\edu-institutions\jntu-h\myresearch\ieeetrans\ieee techdefence 2023 rome\paper\tex\mybookcandmcode\chap6\figures\dofvoice\dofvoice\x64\debug\dofvoice.ilk
d:\edu-institutions\jntu-h\myresearch\ieeetrans\ieee techdefence 2023 rome\paper\tex\mybookcandmcode\chap6\figures\dofvoice\dofvoice\x64\debug\vc143.idb
d:\edu-institutions\jntu-h\myresearch\ieeetrans\ieee techdefence 2023 rome\paper\tex\mybookcandmcode\chap6\figures\dofvoice\dofvoice\x64\debug\vc143.pdb
d:\edu-institutions\jntu-h\myresearch\ieeetrans\ieee techdefence 2023 rome\paper\tex\mybookcandmcode\chap6\figures\dofvoice\x64\debug\dofvoice.pdb
d:\edu-institutions\jntu-h\myresearch\ieeetrans\ieee techdefence 2023 rome\paper\tex\mybookcandmcode\chap6\figures\dofvoice\x64\debug\dofvoice.exe
d:\edu-institutions\jntu-h\myresearch\ieeetrans\ieee techdefence 2023 rome\paper\tex\mybookcandmcode\chap6\figures\dofvoice\dofvoice\x64\debug\dofvoice.tlog\cl.command.1.tlog
d:\edu-institutions\jntu-h\myresearch\ieeetrans\ieee techdefence 2023 rome\paper\tex\mybookcandmcode\chap6\figures\dofvoice\dofvoice\x64\debug\dofvoice.tlog\cl.items.tlog
d:\edu-institutions\jntu-h\myresearch\ieeetrans\ieee techdefence 2023 rome\paper\tex\mybookcandmcode\chap6\figures\dofvoice\dofvoice\x64\debug\dofvoice.tlog\cl.read.1.tlog
d:\edu-institutions\jntu-h\myresearch\ieeetrans\ieee techdefence 2023 rome\paper\tex\mybookcandmcode\chap6\figures\dofvoice\dofvoice\x64\debug\dofvoice.tlog\cl.write.1.tlog
d:\edu-institutions\jntu-h\myresearch\ieeetrans\ieee techdefence 2023 rome\paper\tex\mybookcandmcode\chap6\figures\dofvoice\dofvoice\x64\debug\dofvoice.tlog\link.command.1.tlog
d:\edu-institutions\jntu-h\myresearch\ieeetrans\ieee techdefence 2023 rome\paper\tex\mybookcandmcode\chap6\figures\dofvoice\dofvoice\x64\debug\dofvoice.tlog\link.read.1.tlog
d:\edu-institutions\jntu-h\myresearch\ieeetrans\ieee techdefence 2023 rome\paper\tex\mybookcandmcode\chap6\figures\dofvoice\dofvoice\x64\debug\dofvoice.tlog\link.secondary.1.tlog
d:\edu-institutions\jntu-h\myresearch\ieeetrans\ieee techdefence 2023 rome\paper\tex\mybookcandmcode\chap6\figures\dofvoice\dofvoice\x64\debug\dofvoice.tlog\link.write.1.tlog
