d:\myindustry\dr kaluri research house\newbook\book on df\chapone\mybook\book\chap2\figures\eigen\eigen\x64\debug\vc143.pdb
d:\myindustry\dr kaluri research house\newbook\book on df\chapone\mybook\book\chap2\figures\eigen\eigen\x64\debug\vc143.idb
d:\myindustry\dr kaluri research house\newbook\book on df\chapone\mybook\book\chap2\figures\eigen\eigen\x64\debug\rdwrite.obj
d:\myindustry\dr kaluri research house\newbook\book on df\chapone\mybook\book\chap2\figures\eigen\eigen\x64\debug\memalocfree.obj
d:\myindustry\dr kaluri research house\newbook\book on df\chapone\mybook\book\chap2\figures\eigen\eigen\x64\debug\inconfile.obj
d:\myindustry\dr kaluri research house\newbook\book on df\chapone\mybook\book\chap2\figures\eigen\eigen\x64\debug\heigxj.obj
d:\myindustry\dr kaluri research house\newbook\book on df\chapone\mybook\book\chap2\figures\eigen\eigen\x64\debug\heigxh.obj
d:\myindustry\dr kaluri research house\newbook\book on df\chapone\mybook\book\chap2\figures\eigen\eigen\x64\debug\eigr.obj
d:\myindustry\dr kaluri research house\newbook\book on df\chapone\mybook\book\chap2\figures\eigen\eigen\x64\debug\eigen.obj
d:\myindustry\dr kaluri research house\newbook\book on df\chapone\mybook\book\chap2\figures\eigen\eigen\x64\debug\cmath.obj
d:\myindustry\dr kaluri research house\newbook\book on df\chapone\mybook\book\chap2\figures\eigen\x64\debug\eigen.exe
d:\myindustry\dr kaluri research house\newbook\book on df\chapone\mybook\book\chap2\figures\eigen\x64\debug\eigen.pdb
d:\myindustry\dr kaluri research house\newbook\book on df\chapone\mybook\book\chap2\figures\eigen\eigen\x64\debug\eigen.ilk
d:\edu-institutions\jntu-h\myresearch\ieeetrans\ieee techdefence 2023 rome\paper\tex\mybookcandmcode\chap2\figures\eigen\eigen\x64\debug\cmath.obj
d:\edu-institutions\jntu-h\myresearch\ieeetrans\ieee techdefence 2023 rome\paper\tex\mybookcandmcode\chap2\figures\eigen\eigen\x64\debug\eigen.obj
d:\edu-institutions\jntu-h\myresearch\ieeetrans\ieee techdefence 2023 rome\paper\tex\mybookcandmcode\chap2\figures\eigen\eigen\x64\debug\eigr.obj
d:\edu-institutions\jntu-h\myresearch\ieeetrans\ieee techdefence 2023 rome\paper\tex\mybookcandmcode\chap2\figures\eigen\eigen\x64\debug\heigxh.obj
d:\edu-institutions\jntu-h\myresearch\ieeetrans\ieee techdefence 2023 rome\paper\tex\mybookcandmcode\chap2\figures\eigen\eigen\x64\debug\heigxj.obj
d:\edu-institutions\jntu-h\myresearch\ieeetrans\ieee techdefence 2023 rome\paper\tex\mybookcandmcode\chap2\figures\eigen\eigen\x64\debug\inconfile.obj
d:\edu-institutions\jntu-h\myresearch\ieeetrans\ieee techdefence 2023 rome\paper\tex\mybookcandmcode\chap2\figures\eigen\eigen\x64\debug\memalocfree.obj
d:\edu-institutions\jntu-h\myresearch\ieeetrans\ieee techdefence 2023 rome\paper\tex\mybookcandmcode\chap2\figures\eigen\eigen\x64\debug\rdwrite.obj
d:\edu-institutions\jntu-h\myresearch\ieeetrans\ieee techdefence 2023 rome\paper\tex\mybookcandmcode\chap2\figures\eigen\eigen\x64\debug\eigen.ilk
d:\edu-institutions\jntu-h\myresearch\ieeetrans\ieee techdefence 2023 rome\paper\tex\mybookcandmcode\chap2\figures\eigen\eigen\x64\debug\vc143.idb
d:\edu-institutions\jntu-h\myresearch\ieeetrans\ieee techdefence 2023 rome\paper\tex\mybookcandmcode\chap2\figures\eigen\eigen\x64\debug\vc143.pdb
d:\edu-institutions\jntu-h\myresearch\ieeetrans\ieee techdefence 2023 rome\paper\tex\mybookcandmcode\chap2\figures\eigen\x64\debug\eigen.pdb
d:\edu-institutions\jntu-h\myresearch\ieeetrans\ieee techdefence 2023 rome\paper\tex\mybookcandmcode\chap2\figures\eigen\x64\debug\eigen.exe
d:\edu-institutions\jntu-h\myresearch\ieeetrans\ieee techdefence 2023 rome\paper\tex\mybookcandmcode\chap2\figures\eigen\eigen\x64\debug\eigen.tlog\cl.command.1.tlog
d:\edu-institutions\jntu-h\myresearch\ieeetrans\ieee techdefence 2023 rome\paper\tex\mybookcandmcode\chap2\figures\eigen\eigen\x64\debug\eigen.tlog\cl.items.tlog
d:\edu-institutions\jntu-h\myresearch\ieeetrans\ieee techdefence 2023 rome\paper\tex\mybookcandmcode\chap2\figures\eigen\eigen\x64\debug\eigen.tlog\cl.read.1.tlog
d:\edu-institutions\jntu-h\myresearch\ieeetrans\ieee techdefence 2023 rome\paper\tex\mybookcandmcode\chap2\figures\eigen\eigen\x64\debug\eigen.tlog\cl.write.1.tlog
d:\edu-institutions\jntu-h\myresearch\ieeetrans\ieee techdefence 2023 rome\paper\tex\mybookcandmcode\chap2\figures\eigen\eigen\x64\debug\eigen.tlog\link.command.1.tlog
d:\edu-institutions\jntu-h\myresearch\ieeetrans\ieee techdefence 2023 rome\paper\tex\mybookcandmcode\chap2\figures\eigen\eigen\x64\debug\eigen.tlog\link.read.1.tlog
d:\edu-institutions\jntu-h\myresearch\ieeetrans\ieee techdefence 2023 rome\paper\tex\mybookcandmcode\chap2\figures\eigen\eigen\x64\debug\eigen.tlog\link.secondary.1.tlog
d:\edu-institutions\jntu-h\myresearch\ieeetrans\ieee techdefence 2023 rome\paper\tex\mybookcandmcode\chap2\figures\eigen\eigen\x64\debug\eigen.tlog\link.write.1.tlog
