d:\myindustry\dr kaluri research house\newbook\book on df\chapone\mybook\book\chap3\figures\timedelay\timedelay\x64\debug\vc143.pdb
d:\myindustry\dr kaluri research house\newbook\book on df\chapone\mybook\book\chap3\figures\timedelay\timedelay\x64\debug\vc143.idb
d:\myindustry\dr kaluri research house\newbook\book on df\chapone\mybook\book\chap3\figures\timedelay\timedelay\x64\debug\timedelay.obj
d:\myindustry\dr kaluri research house\newbook\book on df\chapone\mybook\book\chap3\figures\timedelay\timedelay\x64\debug\phishift.obj
d:\myindustry\dr kaluri research house\newbook\book on df\chapone\mybook\book\chap3\figures\timedelay\timedelay\x64\debug\goldsweepang.obj
d:\myindustry\dr kaluri research house\newbook\book on df\chapone\mybook\book\chap3\figures\timedelay\timedelay\x64\debug\goldsweep.obj
d:\myindustry\dr kaluri research house\newbook\book on df\chapone\mybook\book\chap3\figures\timedelay\timedelay\x64\debug\gendata.obj
d:\myindustry\dr kaluri research house\newbook\book on df\chapone\mybook\book\chap3\figures\timedelay\timedelay\x64\debug\detectwin.obj
d:\myindustry\dr kaluri research house\newbook\book on df\chapone\mybook\book\chap3\figures\timedelay\timedelay\x64\debug\delayf.obj
d:\myindustry\dr kaluri research house\newbook\book on df\chapone\mybook\book\chap3\figures\timedelay\timedelay\x64\debug\delayc.obj
d:\myindustry\dr kaluri research house\newbook\book on df\chapone\mybook\book\chap3\figures\timedelay\x64\debug\timedelay.exe
d:\myindustry\dr kaluri research house\newbook\book on df\chapone\mybook\book\chap3\figures\timedelay\x64\debug\timedelay.pdb
d:\myindustry\dr kaluri research house\newbook\book on df\chapone\mybook\book\chap3\figures\timedelay\timedelay\x64\debug\timedelay.ilk
d:\edu-institutions\jntu-h\myresearch\ieeetrans\ieee techdefence 2023 rome\paper\tex\mybookcandmcode\chap3\figures\timedelay\timedelay\x64\debug\delayc.obj
d:\edu-institutions\jntu-h\myresearch\ieeetrans\ieee techdefence 2023 rome\paper\tex\mybookcandmcode\chap3\figures\timedelay\timedelay\x64\debug\delayf.obj
d:\edu-institutions\jntu-h\myresearch\ieeetrans\ieee techdefence 2023 rome\paper\tex\mybookcandmcode\chap3\figures\timedelay\timedelay\x64\debug\detectwin.obj
d:\edu-institutions\jntu-h\myresearch\ieeetrans\ieee techdefence 2023 rome\paper\tex\mybookcandmcode\chap3\figures\timedelay\timedelay\x64\debug\gendata.obj
d:\edu-institutions\jntu-h\myresearch\ieeetrans\ieee techdefence 2023 rome\paper\tex\mybookcandmcode\chap3\figures\timedelay\timedelay\x64\debug\goldsweep.obj
d:\edu-institutions\jntu-h\myresearch\ieeetrans\ieee techdefence 2023 rome\paper\tex\mybookcandmcode\chap3\figures\timedelay\timedelay\x64\debug\goldsweepang.obj
d:\edu-institutions\jntu-h\myresearch\ieeetrans\ieee techdefence 2023 rome\paper\tex\mybookcandmcode\chap3\figures\timedelay\timedelay\x64\debug\phishift.obj
d:\edu-institutions\jntu-h\myresearch\ieeetrans\ieee techdefence 2023 rome\paper\tex\mybookcandmcode\chap3\figures\timedelay\timedelay\x64\debug\timedelay.obj
d:\edu-institutions\jntu-h\myresearch\ieeetrans\ieee techdefence 2023 rome\paper\tex\mybookcandmcode\chap3\figures\timedelay\timedelay\x64\debug\timedelay.ilk
d:\edu-institutions\jntu-h\myresearch\ieeetrans\ieee techdefence 2023 rome\paper\tex\mybookcandmcode\chap3\figures\timedelay\timedelay\x64\debug\vc143.idb
d:\edu-institutions\jntu-h\myresearch\ieeetrans\ieee techdefence 2023 rome\paper\tex\mybookcandmcode\chap3\figures\timedelay\timedelay\x64\debug\vc143.pdb
d:\edu-institutions\jntu-h\myresearch\ieeetrans\ieee techdefence 2023 rome\paper\tex\mybookcandmcode\chap3\figures\timedelay\x64\debug\timedelay.pdb
d:\edu-institutions\jntu-h\myresearch\ieeetrans\ieee techdefence 2023 rome\paper\tex\mybookcandmcode\chap3\figures\timedelay\x64\debug\timedelay.exe
d:\edu-institutions\jntu-h\myresearch\ieeetrans\ieee techdefence 2023 rome\paper\tex\mybookcandmcode\chap3\figures\timedelay\timedelay\x64\debug\timedelay.tlog\cl.command.1.tlog
d:\edu-institutions\jntu-h\myresearch\ieeetrans\ieee techdefence 2023 rome\paper\tex\mybookcandmcode\chap3\figures\timedelay\timedelay\x64\debug\timedelay.tlog\cl.items.tlog
d:\edu-institutions\jntu-h\myresearch\ieeetrans\ieee techdefence 2023 rome\paper\tex\mybookcandmcode\chap3\figures\timedelay\timedelay\x64\debug\timedelay.tlog\cl.read.1.tlog
d:\edu-institutions\jntu-h\myresearch\ieeetrans\ieee techdefence 2023 rome\paper\tex\mybookcandmcode\chap3\figures\timedelay\timedelay\x64\debug\timedelay.tlog\cl.write.1.tlog
d:\edu-institutions\jntu-h\myresearch\ieeetrans\ieee techdefence 2023 rome\paper\tex\mybookcandmcode\chap3\figures\timedelay\timedelay\x64\debug\timedelay.tlog\link.command.1.tlog
d:\edu-institutions\jntu-h\myresearch\ieeetrans\ieee techdefence 2023 rome\paper\tex\mybookcandmcode\chap3\figures\timedelay\timedelay\x64\debug\timedelay.tlog\link.read.1.tlog
d:\edu-institutions\jntu-h\myresearch\ieeetrans\ieee techdefence 2023 rome\paper\tex\mybookcandmcode\chap3\figures\timedelay\timedelay\x64\debug\timedelay.tlog\link.secondary.1.tlog
d:\edu-institutions\jntu-h\myresearch\ieeetrans\ieee techdefence 2023 rome\paper\tex\mybookcandmcode\chap3\figures\timedelay\timedelay\x64\debug\timedelay.tlog\link.write.1.tlog
