d:\myindustry\dr kaluri research house\newbook\book on df\chapone\mybook\book\chap4\figures\stfbeamsteer\stfbeamsteer\x64\debug\vc143.pdb
d:\myindustry\dr kaluri research house\newbook\book on df\chapone\mybook\book\chap4\figures\stfbeamsteer\stfbeamsteer\x64\debug\vc143.idb
d:\myindustry\dr kaluri research house\newbook\book on df\chapone\mybook\book\chap4\figures\stfbeamsteer\stfbeamsteer\x64\debug\ula3doastf.obj
d:\myindustry\dr kaluri research house\newbook\book on df\chapone\mybook\book\chap4\figures\stfbeamsteer\stfbeamsteer\x64\debug\stfsteer.obj
d:\myindustry\dr kaluri research house\newbook\book on df\chapone\mybook\book\chap4\figures\stfbeamsteer\stfbeamsteer\x64\debug\statemethod.obj
d:\myindustry\dr kaluri research house\newbook\book on df\chapone\mybook\book\chap4\figures\stfbeamsteer\stfbeamsteer\x64\debug\rotationlogic.obj
d:\myindustry\dr kaluri research house\newbook\book on df\chapone\mybook\book\chap4\figures\stfbeamsteer\stfbeamsteer\x64\debug\beamform.obj
d:\myindustry\dr kaluri research house\newbook\book on df\chapone\mybook\book\chap4\figures\stfbeamsteer\stfbeamsteer\x64\debug\memalocfree.obj
d:\myindustry\dr kaluri research house\newbook\book on df\chapone\mybook\book\chap4\figures\stfbeamsteer\stfbeamsteer\x64\debug\detectpeaks.obj
d:\myindustry\dr kaluri research house\newbook\book on df\chapone\mybook\book\chap4\figures\stfbeamsteer\stfbeamsteer\x64\debug\abcula.obj
d:\myindustry\dr kaluri research house\newbook\book on df\chapone\mybook\book\chap4\figures\stfbeamsteer\stfbeamsteer\x64\debug\caponmethod.obj
d:\myindustry\dr kaluri research house\newbook\book on df\chapone\mybook\book\chap4\figures\stfbeamsteer\x64\debug\stfbeamsteer.exe
d:\myindustry\dr kaluri research house\newbook\book on df\chapone\mybook\book\chap4\figures\stfbeamsteer\x64\debug\stfbeamsteer.pdb
d:\myindustry\dr kaluri research house\newbook\book on df\chapone\mybook\book\chap4\figures\stfbeamsteer\stfbeamsteer\x64\debug\stfbeamsteer.ilk
d:\edu-institutions\jntu-h\myresearch\ieeetrans\ieee techdefence 2023 rome\paper\tex\mybookcandmcode\chap5\figures\stfbeamsteer\stfbeamsteer\x64\debug\abcula.obj
d:\edu-institutions\jntu-h\myresearch\ieeetrans\ieee techdefence 2023 rome\paper\tex\mybookcandmcode\chap5\figures\stfbeamsteer\stfbeamsteer\x64\debug\beamform.obj
d:\edu-institutions\jntu-h\myresearch\ieeetrans\ieee techdefence 2023 rome\paper\tex\mybookcandmcode\chap5\figures\stfbeamsteer\stfbeamsteer\x64\debug\caponmethod.obj
d:\edu-institutions\jntu-h\myresearch\ieeetrans\ieee techdefence 2023 rome\paper\tex\mybookcandmcode\chap5\figures\stfbeamsteer\stfbeamsteer\x64\debug\detectpeaks.obj
d:\edu-institutions\jntu-h\myresearch\ieeetrans\ieee techdefence 2023 rome\paper\tex\mybookcandmcode\chap5\figures\stfbeamsteer\stfbeamsteer\x64\debug\memalocfree.obj
d:\edu-institutions\jntu-h\myresearch\ieeetrans\ieee techdefence 2023 rome\paper\tex\mybookcandmcode\chap5\figures\stfbeamsteer\stfbeamsteer\x64\debug\rotationlogic.obj
d:\edu-institutions\jntu-h\myresearch\ieeetrans\ieee techdefence 2023 rome\paper\tex\mybookcandmcode\chap5\figures\stfbeamsteer\stfbeamsteer\x64\debug\statemethod.obj
d:\edu-institutions\jntu-h\myresearch\ieeetrans\ieee techdefence 2023 rome\paper\tex\mybookcandmcode\chap5\figures\stfbeamsteer\stfbeamsteer\x64\debug\stfsteer.obj
d:\edu-institutions\jntu-h\myresearch\ieeetrans\ieee techdefence 2023 rome\paper\tex\mybookcandmcode\chap5\figures\stfbeamsteer\stfbeamsteer\x64\debug\ula3doastf.obj
d:\edu-institutions\jntu-h\myresearch\ieeetrans\ieee techdefence 2023 rome\paper\tex\mybookcandmcode\chap5\figures\stfbeamsteer\stfbeamsteer\x64\debug\stfbeamsteer.ilk
d:\edu-institutions\jntu-h\myresearch\ieeetrans\ieee techdefence 2023 rome\paper\tex\mybookcandmcode\chap5\figures\stfbeamsteer\stfbeamsteer\x64\debug\vc143.idb
d:\edu-institutions\jntu-h\myresearch\ieeetrans\ieee techdefence 2023 rome\paper\tex\mybookcandmcode\chap5\figures\stfbeamsteer\stfbeamsteer\x64\debug\vc143.pdb
d:\edu-institutions\jntu-h\myresearch\ieeetrans\ieee techdefence 2023 rome\paper\tex\mybookcandmcode\chap5\figures\stfbeamsteer\x64\debug\stfbeamsteer.pdb
d:\edu-institutions\jntu-h\myresearch\ieeetrans\ieee techdefence 2023 rome\paper\tex\mybookcandmcode\chap5\figures\stfbeamsteer\x64\debug\stfbeamsteer.exe
d:\edu-institutions\jntu-h\myresearch\ieeetrans\ieee techdefence 2023 rome\paper\tex\mybookcandmcode\chap5\figures\stfbeamsteer\stfbeamsteer\x64\debug\stfbeamsteer.tlog\cl.command.1.tlog
d:\edu-institutions\jntu-h\myresearch\ieeetrans\ieee techdefence 2023 rome\paper\tex\mybookcandmcode\chap5\figures\stfbeamsteer\stfbeamsteer\x64\debug\stfbeamsteer.tlog\cl.items.tlog
d:\edu-institutions\jntu-h\myresearch\ieeetrans\ieee techdefence 2023 rome\paper\tex\mybookcandmcode\chap5\figures\stfbeamsteer\stfbeamsteer\x64\debug\stfbeamsteer.tlog\cl.read.1.tlog
d:\edu-institutions\jntu-h\myresearch\ieeetrans\ieee techdefence 2023 rome\paper\tex\mybookcandmcode\chap5\figures\stfbeamsteer\stfbeamsteer\x64\debug\stfbeamsteer.tlog\cl.write.1.tlog
d:\edu-institutions\jntu-h\myresearch\ieeetrans\ieee techdefence 2023 rome\paper\tex\mybookcandmcode\chap5\figures\stfbeamsteer\stfbeamsteer\x64\debug\stfbeamsteer.tlog\link.command.1.tlog
d:\edu-institutions\jntu-h\myresearch\ieeetrans\ieee techdefence 2023 rome\paper\tex\mybookcandmcode\chap5\figures\stfbeamsteer\stfbeamsteer\x64\debug\stfbeamsteer.tlog\link.read.1.tlog
d:\edu-institutions\jntu-h\myresearch\ieeetrans\ieee techdefence 2023 rome\paper\tex\mybookcandmcode\chap5\figures\stfbeamsteer\stfbeamsteer\x64\debug\stfbeamsteer.tlog\link.secondary.1.tlog
d:\edu-institutions\jntu-h\myresearch\ieeetrans\ieee techdefence 2023 rome\paper\tex\mybookcandmcode\chap5\figures\stfbeamsteer\stfbeamsteer\x64\debug\stfbeamsteer.tlog\link.write.1.tlog
