d:\myindustry\dr kaluri research house\newbook\book on df\chapone\mybook\book\chap6\figures\citeseq\citeseq\x64\debug\vc143.pdb
d:\myindustry\dr kaluri research house\newbook\book on df\chapone\mybook\book\chap6\figures\citeseq\citeseq\x64\debug\vc143.idb
d:\myindustry\dr kaluri research house\newbook\book on df\chapone\mybook\book\chap6\figures\citeseq\citeseq\x64\debug\ordercite.obj
d:\myindustry\dr kaluri research house\newbook\book on df\chapone\mybook\book\chap6\figures\citeseq\citeseq\x64\debug\citeseq.obj
d:\myindustry\dr kaluri research house\newbook\book on df\chapone\mybook\book\chap6\figures\citeseq\x64\debug\citeseq.exe
d:\myindustry\dr kaluri research house\newbook\book on df\chapone\mybook\book\chap6\figures\citeseq\x64\debug\citeseq.pdb
d:\myindustry\dr kaluri research house\newbook\book on df\chapone\mybook\book\chap6\figures\citeseq\citeseq\x64\debug\citeseq.ilk
d:\edu-institutions\jntu-h\myresearch\ieeetrans\ieee techdefence 2023 rome\paper\tex\mybookcandmcode\chap6\figures\citeseq\citeseq\x64\debug\citeseq.obj
d:\edu-institutions\jntu-h\myresearch\ieeetrans\ieee techdefence 2023 rome\paper\tex\mybookcandmcode\chap6\figures\citeseq\citeseq\x64\debug\ordercite.obj
d:\edu-institutions\jntu-h\myresearch\ieeetrans\ieee techdefence 2023 rome\paper\tex\mybookcandmcode\chap6\figures\citeseq\citeseq\x64\debug\citeseq.ilk
d:\edu-institutions\jntu-h\myresearch\ieeetrans\ieee techdefence 2023 rome\paper\tex\mybookcandmcode\chap6\figures\citeseq\citeseq\x64\debug\vc143.idb
d:\edu-institutions\jntu-h\myresearch\ieeetrans\ieee techdefence 2023 rome\paper\tex\mybookcandmcode\chap6\figures\citeseq\citeseq\x64\debug\vc143.pdb
d:\edu-institutions\jntu-h\myresearch\ieeetrans\ieee techdefence 2023 rome\paper\tex\mybookcandmcode\chap6\figures\citeseq\x64\debug\citeseq.pdb
d:\edu-institutions\jntu-h\myresearch\ieeetrans\ieee techdefence 2023 rome\paper\tex\mybookcandmcode\chap6\figures\citeseq\x64\debug\citeseq.exe
d:\edu-institutions\jntu-h\myresearch\ieeetrans\ieee techdefence 2023 rome\paper\tex\mybookcandmcode\chap6\figures\citeseq\citeseq\x64\debug\citeseq.tlog\cl.command.1.tlog
d:\edu-institutions\jntu-h\myresearch\ieeetrans\ieee techdefence 2023 rome\paper\tex\mybookcandmcode\chap6\figures\citeseq\citeseq\x64\debug\citeseq.tlog\cl.items.tlog
d:\edu-institutions\jntu-h\myresearch\ieeetrans\ieee techdefence 2023 rome\paper\tex\mybookcandmcode\chap6\figures\citeseq\citeseq\x64\debug\citeseq.tlog\cl.read.1.tlog
d:\edu-institutions\jntu-h\myresearch\ieeetrans\ieee techdefence 2023 rome\paper\tex\mybookcandmcode\chap6\figures\citeseq\citeseq\x64\debug\citeseq.tlog\cl.write.1.tlog
d:\edu-institutions\jntu-h\myresearch\ieeetrans\ieee techdefence 2023 rome\paper\tex\mybookcandmcode\chap6\figures\citeseq\citeseq\x64\debug\citeseq.tlog\link.command.1.tlog
d:\edu-institutions\jntu-h\myresearch\ieeetrans\ieee techdefence 2023 rome\paper\tex\mybookcandmcode\chap6\figures\citeseq\citeseq\x64\debug\citeseq.tlog\link.read.1.tlog
d:\edu-institutions\jntu-h\myresearch\ieeetrans\ieee techdefence 2023 rome\paper\tex\mybookcandmcode\chap6\figures\citeseq\citeseq\x64\debug\citeseq.tlog\link.secondary.1.tlog
d:\edu-institutions\jntu-h\myresearch\ieeetrans\ieee techdefence 2023 rome\paper\tex\mybookcandmcode\chap6\figures\citeseq\citeseq\x64\debug\citeseq.tlog\link.write.1.tlog
