d:\myindustry\dr kaluri research house\newbook\book on df\chapone\mybook\book\chap6\figures\fmcwradar\fmcwradar\x64\debug\vc143.pdb
d:\myindustry\dr kaluri research house\newbook\book on df\chapone\mybook\book\chap6\figures\fmcwradar\fmcwradar\x64\debug\vc143.idb
d:\myindustry\dr kaluri research house\newbook\book on df\chapone\mybook\book\chap6\figures\fmcwradar\fmcwradar\x64\debug\savedatafiles.obj
d:\myindustry\dr kaluri research house\newbook\book on df\chapone\mybook\book\chap6\figures\fmcwradar\fmcwradar\x64\debug\rdwrite.obj
d:\myindustry\dr kaluri research house\newbook\book on df\chapone\mybook\book\chap6\figures\fmcwradar\fmcwradar\x64\debug\processrdrblocks.obj
d:\myindustry\dr kaluri research house\newbook\book on df\chapone\mybook\book\chap6\figures\fmcwradar\fmcwradar\x64\debug\pproces.obj
d:\myindustry\dr kaluri research house\newbook\book on df\chapone\mybook\book\chap6\figures\fmcwradar\fmcwradar\x64\debug\myrdrclusters.obj
d:\myindustry\dr kaluri research house\newbook\book on df\chapone\mybook\book\chap6\figures\fmcwradar\fmcwradar\x64\debug\music.obj
d:\myindustry\dr kaluri research house\newbook\book on df\chapone\mybook\book\chap6\figures\fmcwradar\fmcwradar\x64\debug\memalocfree.obj
d:\myindustry\dr kaluri research house\newbook\book on df\chapone\mybook\book\chap6\figures\fmcwradar\fmcwradar\x64\debug\lindataseg.obj
d:\myindustry\dr kaluri research house\newbook\book on df\chapone\mybook\book\chap6\figures\fmcwradar\fmcwradar\x64\debug\kmusic.obj
d:\myindustry\dr kaluri research house\newbook\book on df\chapone\mybook\book\chap6\figures\fmcwradar\fmcwradar\x64\debug\init.obj
d:\myindustry\dr kaluri research house\newbook\book on df\chapone\mybook\book\chap6\figures\fmcwradar\fmcwradar\x64\debug\inconfile.obj
d:\myindustry\dr kaluri research house\newbook\book on df\chapone\mybook\book\chap6\figures\fmcwradar\fmcwradar\x64\debug\gfk.obj
d:\myindustry\dr kaluri research house\newbook\book on df\chapone\mybook\book\chap6\figures\fmcwradar\fmcwradar\x64\debug\fmcwradar.obj
d:\myindustry\dr kaluri research house\newbook\book on df\chapone\mybook\book\chap6\figures\fmcwradar\fmcwradar\x64\debug\eigr.obj
d:\myindustry\dr kaluri research house\newbook\book on df\chapone\mybook\book\chap6\figures\fmcwradar\fmcwradar\x64\debug\detect.obj
d:\myindustry\dr kaluri research house\newbook\book on df\chapone\mybook\book\chap6\figures\fmcwradar\fmcwradar\x64\debug\cmath.obj
d:\myindustry\dr kaluri research house\newbook\book on df\chapone\mybook\book\chap6\figures\fmcwradar\x64\debug\fmcwradar.exe
d:\myindustry\dr kaluri research house\newbook\book on df\chapone\mybook\book\chap6\figures\fmcwradar\x64\debug\fmcwradar.pdb
d:\myindustry\dr kaluri research house\newbook\book on df\chapone\mybook\book\chap6\figures\fmcwradar\fmcwradar\x64\debug\fmcwradar.ilk
d:\myindustry\dr kaluri research house\newbook\book on df\chapone\mybook\book\chap6\figures\fmcwradar\fmcwradar\x64\debug\fmcwradar.tlog\cl.command.1.tlog
d:\myindustry\dr kaluri research house\newbook\book on df\chapone\mybook\book\chap6\figures\fmcwradar\fmcwradar\x64\debug\fmcwradar.tlog\cl.items.tlog
d:\myindustry\dr kaluri research house\newbook\book on df\chapone\mybook\book\chap6\figures\fmcwradar\fmcwradar\x64\debug\fmcwradar.tlog\cl.read.1.tlog
d:\myindustry\dr kaluri research house\newbook\book on df\chapone\mybook\book\chap6\figures\fmcwradar\fmcwradar\x64\debug\fmcwradar.tlog\cl.write.1.tlog
d:\myindustry\dr kaluri research house\newbook\book on df\chapone\mybook\book\chap6\figures\fmcwradar\fmcwradar\x64\debug\fmcwradar.tlog\link.command.1.tlog
d:\myindustry\dr kaluri research house\newbook\book on df\chapone\mybook\book\chap6\figures\fmcwradar\fmcwradar\x64\debug\fmcwradar.tlog\link.read.1.tlog
d:\myindustry\dr kaluri research house\newbook\book on df\chapone\mybook\book\chap6\figures\fmcwradar\fmcwradar\x64\debug\fmcwradar.tlog\link.secondary.1.tlog
d:\myindustry\dr kaluri research house\newbook\book on df\chapone\mybook\book\chap6\figures\fmcwradar\fmcwradar\x64\debug\fmcwradar.tlog\link.write.1.tlog
