  cMath.cpp
  covMatFromData.cpp
  eigHermit.cpp
D:\myIndustry\Dr Kaluri Research House\newBook\Book On DF\chapOne\myBook\Book\chap4\figures\esprit\esprit\covMatFromData.cpp(7,14): warning C4101: 's': unreferenced local variable
D:\myIndustry\Dr Kaluri Research House\newBook\Book On DF\chapOne\myBook\Book\chap4\figures\esprit\esprit\covMatFromData.cpp(32,18): warning C4101: 'Jk': unreferenced local variable
D:\myIndustry\Dr Kaluri Research House\newBook\Book On DF\chapOne\myBook\Book\chap4\figures\esprit\esprit\covMatFromData.cpp(30,30): warning C4101: 'indx': unreferenced local variable
D:\myIndustry\Dr Kaluri Research House\newBook\Book On DF\chapOne\myBook\Book\chap4\figures\esprit\esprit\covMatFromData.cpp(121,12): warning C4101: 'k': unreferenced local variable
D:\myIndustry\Dr Kaluri Research House\newBook\Book On DF\chapOne\myBook\Book\chap4\figures\esprit\esprit\covMatFromData.cpp(121,9): warning C4101: 'j': unreferenced local variable
D:\myIndustry\Dr Kaluri Research House\newBook\Book On DF\chapOne\myBook\Book\chap4\figures\esprit\esprit\covMatFromData.cpp(121,6): warning C4101: 'i': unreferenced local variable
D:\myIndustry\Dr Kaluri Research House\newBook\Book On DF\chapOne\myBook\Book\chap4\figures\esprit\esprit\eigHermit.cpp(12,6): warning C4101: 'c': unreferenced local variable
D:\myIndustry\Dr Kaluri Research House\newBook\Book On DF\chapOne\myBook\Book\chap4\figures\esprit\esprit\eigHermit.cpp(194,9): warning C4101: 'a': unreferenced local variable
D:\myIndustry\Dr Kaluri Research House\newBook\Book On DF\chapOne\myBook\Book\chap4\figures\esprit\esprit\eigHermit.cpp(194,12): warning C4101: 'b': unreferenced local variable
  eigR.cpp
  esprit.cpp
D:\myIndustry\Dr Kaluri Research House\newBook\Book On DF\chapOne\myBook\Book\chap4\figures\esprit\esprit\esprit.cpp(15,13): warning C4101: 'r': unreferenced local variable
  LsQComplex.cpp
  memAlocFree.cpp
  phi2doa.cpp
D:\myIndustry\Dr Kaluri Research House\newBook\Book On DF\chapOne\myBook\Book\chap4\figures\esprit\esprit\phi2doa.cpp(13,22): warning C4101: 'temp': unreferenced local variable
  ulaIQ.cpp
  Generating Code...
  esprit.vcxproj -> D:\myIndustry\Dr Kaluri Research House\newBook\Book On DF\chapOne\myBook\Book\chap4\figures\esprit\x64\Debug\esprit.exe
