d:\myindustry\dr kaluri research house\newbook\book on df\chapone\mybook\book\chap3\figures\esprit\esprit\x64\debug\vc143.pdb
d:\myindustry\dr kaluri research house\newbook\book on df\chapone\mybook\book\chap3\figures\esprit\esprit\x64\debug\vc143.idb
d:\myindustry\dr kaluri research house\newbook\book on df\chapone\mybook\book\chap3\figures\esprit\esprit\x64\debug\ulaiq.obj
d:\myindustry\dr kaluri research house\newbook\book on df\chapone\mybook\book\chap3\figures\esprit\esprit\x64\debug\phi2doa.obj
d:\myindustry\dr kaluri research house\newbook\book on df\chapone\mybook\book\chap3\figures\esprit\esprit\x64\debug\memalocfree.obj
d:\myindustry\dr kaluri research house\newbook\book on df\chapone\mybook\book\chap3\figures\esprit\esprit\x64\debug\lsqcomplex.obj
d:\myindustry\dr kaluri research house\newbook\book on df\chapone\mybook\book\chap3\figures\esprit\esprit\x64\debug\esprit.obj
d:\myindustry\dr kaluri research house\newbook\book on df\chapone\mybook\book\chap3\figures\esprit\esprit\x64\debug\eigr.obj
d:\myindustry\dr kaluri research house\newbook\book on df\chapone\mybook\book\chap3\figures\esprit\esprit\x64\debug\eighermit.obj
d:\myindustry\dr kaluri research house\newbook\book on df\chapone\mybook\book\chap3\figures\esprit\esprit\x64\debug\covmatfromdata.obj
d:\myindustry\dr kaluri research house\newbook\book on df\chapone\mybook\book\chap3\figures\esprit\esprit\x64\debug\cmath.obj
d:\myindustry\dr kaluri research house\newbook\book on df\chapone\mybook\book\chap3\figures\esprit\x64\debug\esprit.exe
d:\myindustry\dr kaluri research house\newbook\book on df\chapone\mybook\book\chap3\figures\esprit\x64\debug\esprit.pdb
d:\myindustry\dr kaluri research house\newbook\book on df\chapone\mybook\book\chap3\figures\esprit\esprit\x64\debug\esprit.ilk
d:\myindustry\dr kaluri research house\newbook\book on df\chapone\mybook\book\chap4\figures\esprit\esprit\x64\debug\cmath.obj
d:\myindustry\dr kaluri research house\newbook\book on df\chapone\mybook\book\chap4\figures\esprit\esprit\x64\debug\covmatfromdata.obj
d:\myindustry\dr kaluri research house\newbook\book on df\chapone\mybook\book\chap4\figures\esprit\esprit\x64\debug\eighermit.obj
d:\myindustry\dr kaluri research house\newbook\book on df\chapone\mybook\book\chap4\figures\esprit\esprit\x64\debug\eigr.obj
d:\myindustry\dr kaluri research house\newbook\book on df\chapone\mybook\book\chap4\figures\esprit\esprit\x64\debug\esprit.obj
d:\myindustry\dr kaluri research house\newbook\book on df\chapone\mybook\book\chap4\figures\esprit\esprit\x64\debug\lsqcomplex.obj
d:\myindustry\dr kaluri research house\newbook\book on df\chapone\mybook\book\chap4\figures\esprit\esprit\x64\debug\memalocfree.obj
d:\myindustry\dr kaluri research house\newbook\book on df\chapone\mybook\book\chap4\figures\esprit\esprit\x64\debug\phi2doa.obj
d:\myindustry\dr kaluri research house\newbook\book on df\chapone\mybook\book\chap4\figures\esprit\esprit\x64\debug\ulaiq.obj
d:\myindustry\dr kaluri research house\newbook\book on df\chapone\mybook\book\chap4\figures\esprit\esprit\x64\debug\esprit.ilk
d:\myindustry\dr kaluri research house\newbook\book on df\chapone\mybook\book\chap4\figures\esprit\esprit\x64\debug\vc143.idb
d:\myindustry\dr kaluri research house\newbook\book on df\chapone\mybook\book\chap4\figures\esprit\esprit\x64\debug\vc143.pdb
d:\myindustry\dr kaluri research house\newbook\book on df\chapone\mybook\book\chap4\figures\esprit\x64\debug\esprit.pdb
d:\myindustry\dr kaluri research house\newbook\book on df\chapone\mybook\book\chap4\figures\esprit\x64\debug\esprit.exe
d:\myindustry\dr kaluri research house\newbook\book on df\chapone\mybook\book\chap4\figures\esprit\esprit\x64\debug\esprit.tlog\cl.command.1.tlog
d:\myindustry\dr kaluri research house\newbook\book on df\chapone\mybook\book\chap4\figures\esprit\esprit\x64\debug\esprit.tlog\cl.items.tlog
d:\myindustry\dr kaluri research house\newbook\book on df\chapone\mybook\book\chap4\figures\esprit\esprit\x64\debug\esprit.tlog\cl.read.1.tlog
d:\myindustry\dr kaluri research house\newbook\book on df\chapone\mybook\book\chap4\figures\esprit\esprit\x64\debug\esprit.tlog\cl.write.1.tlog
d:\myindustry\dr kaluri research house\newbook\book on df\chapone\mybook\book\chap4\figures\esprit\esprit\x64\debug\esprit.tlog\link.command.1.tlog
d:\myindustry\dr kaluri research house\newbook\book on df\chapone\mybook\book\chap4\figures\esprit\esprit\x64\debug\esprit.tlog\link.read.1.tlog
d:\myindustry\dr kaluri research house\newbook\book on df\chapone\mybook\book\chap4\figures\esprit\esprit\x64\debug\esprit.tlog\link.secondary.1.tlog
d:\myindustry\dr kaluri research house\newbook\book on df\chapone\mybook\book\chap4\figures\esprit\esprit\x64\debug\esprit.tlog\link.write.1.tlog
